A,B,C,G,S
a,b,c,d,h,l,k
S
A->b
B->A
C->a
A->Cd
G->A
