S,A,B,C
a,b,c,d,h,l,k
S
S->AB
A->b
B->A
C->a
A->Cd
